1. Listing policies...
FAILED to list policies: 
